//region all

using System;
using System.IO;

namespace uLearn.tests
{
	internal class OverloadedMethods : IRunnable
	{

		public void Main()
		{
			return;
		}
	}
}

//endregion all