GetSubmitionDetailsResult
{
	LangId: 27
	LangName: C#
	LangVersion: mono-4.0.2
	Signal: 0
	IsPublic: False
	Source: using System; public class M{static void Main(){System.Console.WriteLine(Tuple.Create(1, 2));}}
	Input: 
	Output: (1, 2)

	StdErr: 
	CompilationError: 
	Status: Done
	Result: Success
	IsOk: True
	Error: OK
}
