//region all

using System;
using System.IO;

namespace uLearn.tests
{
}

/*
region Region
Not method
endregion Region 
 */

//endregion all