solution index: 415
Code:
//region all

using System;
using System.IO;

namespace uLearn.tests
{
	internal class OverloadedMethods : IRunnable
	{
		//region methods_1_and_2
		public string Method()
		{
			return "a";
		}

		//region methods_2_and_3

		public string Method(int a)
		{
			return a.ToString("0");
		}

		//endregion methods_1_and_2

		private string Method(string a)
		{
			return a;
		}

#line 1
	}
}

//endregion all